[fleava.com/index.html]
[backblue.gif]
[fade.gif]
[index.html]
[fleava.com/assets/img/icons/apple-icon-57x57.png]
[fleava.com/assets/img/icons/apple-icon-60x60.png]
[fleava.com/assets/img/icons/apple-icon-72x72.png]
[fleava.com/assets/img/icons/apple-icon-76x76.png]
[fleava.com/assets/img/icons/apple-icon-114x114.png]
[fleava.com/assets/img/icons/apple-icon-120x120.png]
[fleava.com/assets/img/icons/apple-icon-144x144.png]
[fleava.com/assets/img/icons/apple-icon-152x152.png]
[fleava.com/assets/img/icons/apple-icon-180x180.png]
[fleava.com/assets/img/icons/android-icon-192x192.png]
[fleava.com/assets/img/icons/favicon-32x32.png]
[fleava.com/assets/img/icons/favicon-96x96.png]
[fleava.com/assets/img/icons/favicon-16x16.png]
[fleava.com/assets/img/icons/manifest.json]
[fleava.com/assets/img/icons/ms-icon-144x144.png]
[fleava.com/assets/img/general/og/fleava.jpg]
[fleava.com/assets/css/app.css]
[fleava.com/assets/img/general/fleava.svg]
[fleava.com/assets/fonts/Graphik-Semibold-Web.woff2]
[fleava.com/assets/js/scripts.js]
[fleava.com/assets/fonts/Graphik-Medium-Web.woff2]
[fleava.com/assets/fonts/Graphik-Extralight-Web.woff2]
[fleava.com/assets/fonts/Graphik-Bold-Web.woff2]
[fleava.com/assets/fonts/Graphik-Light-Web.woff2]
[fleava.com/assets/fonts/Graphik-Regular-Web.woff2]
[fleava.com/works.html]
[fleava.com/journal.html]
[fleava.com/expertise.html]
[fleava.com/about.html]
[fleava.com/awards.html]
[fleava.com/brands.html]
[fleava.com/careers.html]
[fleava.com/inquiry.html]
[fleava.com/sg.html]
[fleava.com/id.html]
[fleava.com/terms.html]
[fleava.com/sitemap.html]
[fleava.com/works/karma.html]
[fleava.com/assets/img/works/karma/banner.jpg]
[fleava.com/works/bodyshop.html]
[fleava.com/assets/img/works/bodyshop/banner.jpg]
[fleava.com/works/prodotti.html]
[fleava.com/assets/img/works/prodotti/banner.jpg]
[fleava.com/works/vold.html]
[fleava.com/assets/img/works/vold/banner.jpg]
[fleava.com/assets/img/general/ornament.svg]
[fleava.com/assets/img/home/about.jpg]
[fleava.com/expertise/digital-strategy.html]
[fleava.com/assets/img/expertise/thumbs/strategy.jpg]
[fleava.com/expertise/branding.html]
[fleava.com/assets/img/expertise/thumbs/branding.jpg]
[fleava.com/expertise/development.html]
[fleava.com/assets/img/expertise/thumbs/development.jpg]
[fleava.com/expertise/ux.html]
[fleava.com/assets/img/expertise/thumbs/ux.jpg]
[fleava.com/expertise/digital-marketing.html]
[fleava.com/assets/img/expertise/thumbs/marketing.jpg]
[fleava.com/expertise/production.html]
[fleava.com/assets/img/expertise/thumbs/production.jpg]
[fleava.com/assets/img/awards/badge.png]
[fleava.com/assets/img/awards/trophy.jpg]
[fleava.com/assets/img/awards/trophy.mp4]
[fleava.com/journal/transform-story.html]
[fleava.com/journal/no-code-future-of-tech.html]
[fleava.com/index.html]
[fleava.com/journal/agency-of-the-year-2020.html]
[fleava.com/assets/fonts/Graphik-SuperItalic-Web.woff2]
[fleava.com/assets/fonts/Graphik-SuperItalic-Web.woff]
[fleava.com/assets/fonts/Graphik-Super-Web.woff2]
[fleava.com/assets/fonts/Graphik-Super-Web.woff]
[fleava.com/assets/fonts/Graphik-BlackItalic-Web.woff2]
[fleava.com/assets/fonts/Graphik-BlackItalic-Web.woff]
[fleava.com/assets/fonts/Graphik-Black-Web.woff2]
[fleava.com/assets/fonts/Graphik-Black-Web.woff]
[fleava.com/assets/fonts/Graphik-BoldItalic-Web.woff2]
[fleava.com/assets/fonts/Graphik-BoldItalic-Web.woff]
[fleava.com/assets/fonts/Graphik-Bold-Web.woff]
[fleava.com/assets/fonts/Graphik-SemiboldItalic-Web.woff2]
[fleava.com/assets/fonts/Graphik-SemiboldItalic-Web.woff]
[fleava.com/assets/fonts/Graphik-Semibold-Web.woff]
[fleava.com/assets/fonts/Graphik-MediumItalic-Web.woff2]
[fleava.com/assets/fonts/Graphik-MediumItalic-Web.woff]
[fleava.com/assets/fonts/Graphik-Medium-Web.woff]
[fleava.com/assets/fonts/Graphik-RegularItalic-Web.woff2]
[fleava.com/assets/fonts/Graphik-RegularItalic-Web.woff]
[fleava.com/assets/fonts/Graphik-Regular-Web.woff]
[fleava.com/assets/fonts/Graphik-LightItalic-Web.woff2]
[fleava.com/assets/fonts/Graphik-LightItalic-Web.woff]
[fleava.com/assets/fonts/Graphik-Light-Web.woff]
[fleava.com/assets/fonts/Graphik-ExtralightItalic-Web.woff2]
[fleava.com/assets/fonts/Graphik-ExtralightItalic-Web.woff]
[fleava.com/assets/fonts/Graphik-Extralight-Web.woff]
[fleava.com/assets/fonts/Graphik-ThinItalic-Web.woff2]
[fleava.com/assets/fonts/Graphik-ThinItalic-Web.woff]
[fleava.com/assets/fonts/Graphik-Thin-Web.woff2]
[fleava.com/assets/fonts/Graphik-Thin-Web.woff]
[fleava.com/assets/css/app.css]
[fleava.com/assets/img/general/fleava.svg]
[fleava.com/works/lustica.html]
[fleava.com/assets/img/works/thumbs/lustica.jpg]
[fleava.com/assets/img/works/thumbs/karma.jpg]
[fleava.com/works/raia.html]
[fleava.com/assets/img/works/thumbs/raia.jpg]
[fleava.com/assets/img/works/thumbs/vold.jpg]
[fleava.com/works/arc.html]
[fleava.com/assets/img/home/arc_s.mp4]
[fleava.com/assets/img/works/thumbs/prodotti.jpg]
[fleava.com/works/clorova.html]
[fleava.com/assets/img/works/thumbs/clorova.jpg]
[fleava.com/works/samsara.html]
[fleava.com/assets/img/home/samsara.mp4]
[fleava.com/assets/img/works/thumbs/bodyshop.jpg]
[fleava.com/works/jannata.html]
[fleava.com/assets/img/works/thumbs/jannata2.jpg]
[fleava.com/works/apprentice-search.html]
[fleava.com/assets/img/works/thumbs/apprentice-search.jpg]
[fleava.com/works/relationshift.html]
[fleava.com/assets/img/works/thumbs/relationshift.jpg]
[fleava.com/works.html]
[fleava.com/assets/img/home/transform.jpg]
[fleava.com/journal/indonesia-digital-future.html]
[fleava.com/journal/ui-ux-practices.html]
[fleava.com/journal/building-your-digital-strategy.html]
[fleava.com/journal/digital-marketing-guide.html]
[fleava.com/journal/designer-of-the-year-2020.html]
[fleava.com/journal/singapore-digital-landscape.html]
[fleava.com/journal/your-guide-to-branding.html]
[fleava.com/journal/all-about-building-a-website.html]
[fleava.com/journal/developing-a-mobile-app.html]
[fleava.com/journal/ux-new-seo.html]
[fleava.com/journal/scrum-agile-project-management.html]
[fleava.com/journal/branding-be-subconscious.html]
[fleava.com/journal/the-essence-of-branding.html]
[fleava.com/journal/exponential-impact-of-social-media.html]
[fleava.com/journal/business-model-canvas.html]
[fleava.com/journal/the-power-of-blogging.html]
[fleava.com/journal/online-marketing-strategies.html]
[fleava.com/journal/five-myths-of-marketing.html]
[fleava.com/journal/print-vs-online-advertising.html]
[fleava.com/journal/keep-people-on-your-website-longer.html]
[fleava.com/journal/why-people-leave-your-website.html]
[fleava.com/journal/importance-of-mobile-app.html]
[fleava.com/journal/why-good-web-design.html]
[fleava.com/journal.html]
[fleava.com/journal/why-mobile-friendly-website.html]
[fleava.com/assets/img/about/expertise.jpg]
[fleava.com/expertise.html]
[fleava.com/assets/img/awards/badge_white.png]
[fleava.com/assets/img/about/expertise2.jpg]
[fleava.com/assets/img/home/about_banner.jpg]
[fleava.com/assets/img/about/value1.jpg]
[fleava.com/assets/img/about/value2.jpg]
[fleava.com/assets/img/about/value3.jpg]
[fleava.com/assets/img/about/value4.jpg]
[fleava.com/about.html]
[fleava.com/assets/img/awards/badge_white_cssda.png]
[fleava.com/assets/img/awards/aw1.jpg]
[fleava.com/assets/img/awards/aw2.jpg]
[fleava.com/assets/img/awards/aw3.jpg]
[fleava.com/assets/img/awards/aw4.jpg]
[fleava.com/assets/img/awards/aw5.jpg]
[fleava.com/assets/img/awards/aw6.jpg]
[fleava.com/assets/img/awards/poster.jpg]
[fleava.com/awards.html]
[fleava.com/assets/img/about/clients.jpg]
[fleava.com/brands.html]
[fleava.com/assets/img/about/careers.jpg]
[fleava.com/careers.html]
[fleava.com/assets/img/about/inquiry.jpg]
[fleava.com/inquiry/website.html]
[fleava.com/inquiry/ecommerce.html]
[fleava.com/inquiry/mobile-app.html]
[fleava.com/inquiry/branding.html]
[fleava.com/inquiry.html]
[fleava.com/inquiry/feedback.html]
[fleava.com/assets/img/about/about.jpg]
[fleava.com/assets/img/home/about_id.jpg]
[fleava.com/sg.html]
[fleava.com/assets/img/about/id.jpg]
[fleava.com/id.html]
[fleava.com/terms.html]
[fleava.com/sitemap.html]
[fleava.com/assets/img/works/karma/full4.jpg]
[fleava.com/assets/img/works/karma/full3.jpg]
[fleava.com/assets/img/works/karma/full2.jpg]
[fleava.com/assets/img/works/karma/full1.jpg]
[fleava.com/assets/img/works/raia/banner.jpg]
[fleava.com/works/karma.html]
[fleava.com/assets/img/works/bodyshop/full3.jpg]
[fleava.com/assets/img/works/bodyshop/full1.jpg]
[fleava.com/assets/img/works/bodyshop/full2.jpg]
[fleava.com/assets/img/works/jannata/banner.jpg]
[fleava.com/works/bodyshop.html]
[fleava.com/assets/img/works/prodotti/full1.jpg]
[fleava.com/assets/img/works/clorova/banner.jpg]
[fleava.com/works/prodotti.html]
[fleava.com/assets/img/works/vold/full1.jpg]
[fleava.com/assets/img/works/arc/banner.jpg]
[fleava.com/assets/img/home/arc.mp4]
[fleava.com/works/vold.html]
[fleava.com/assets/img/general/ornament.svg]
[fleava.com/assets/img/expertise/strategy.jpg]
[fleava.com/assets/img/expertise/sidescroll/strategy-1.jpg]
[fleava.com/assets/img/expertise/sidescroll/strategy-2.jpg]
[fleava.com/assets/img/expertise/sidescroll/strategy-3.jpg]
[fleava.com/assets/img/expertise/sidescroll/strategy-4.jpg]
[fleava.com/assets/img/journal/building-your-digital-strategy.jpg]
[fleava.com/expertise/digital-strategy.html]
[fleava.com/assets/img/expertise/branding.jpg]
[fleava.com/assets/img/expertise/sidescroll/branding-1.jpg]
[fleava.com/assets/img/expertise/sidescroll/ux-1.jpg]
[fleava.com/assets/img/expertise/sidescroll/branding-3.jpg]
[fleava.com/assets/img/expertise/sidescroll/branding-4.jpg]
[fleava.com/assets/img/journal/your-guide-to-branding.jpg]
[fleava.com/expertise/branding.html]
[fleava.com/assets/img/expertise/development.jpg]
[fleava.com/assets/img/expertise/sidescroll/development-1.jpg]
[fleava.com/assets/img/expertise/sidescroll/development-3.jpg]
[fleava.com/assets/img/expertise/sidescroll/development-4.jpg]
[fleava.com/assets/img/journal/all-about-building-a-website.jpg]
[fleava.com/expertise/development.html]
[fleava.com/assets/img/expertise/ux.jpg]
[fleava.com/assets/img/expertise/sidescroll/ux-2.jpg]
[fleava.com/assets/img/expertise/sidescroll/ux-3.jpg]
[fleava.com/assets/img/journal/ui-ux-practices.jpg]
[fleava.com/expertise/ux.html]
[fleava.com/assets/img/expertise/marketing.jpg]
[fleava.com/assets/img/expertise/sidescroll/marketing-1.jpg]
[fleava.com/assets/img/expertise/sidescroll/branding-2.jpg]
[fleava.com/assets/img/journal/digital-marketing-guide.jpg]
[fleava.com/expertise/digital-marketing.html]
[fleava.com/assets/img/expertise/production.jpg]
[fleava.com/assets/img/expertise/sidescroll/production-1.jpg]
[fleava.com/assets/img/expertise/sidescroll/production-3.jpg]
[fleava.com/expertise/production.html]
[fleava.com/journal/transform-story.html]
[fleava.com/assets/img/journal/no-code-future-of-tech.jpg]
[fleava.com/assets/img/journal/inline/no-code.jpg]
[fleava.com/assets/img/journal/inline/webflow.jpg]
[fleava.com/assets/img/journal/inline/vold.jpg]
[fleava.com/journal/no-code-future-of-tech.html]
[fleava.com/assets/img/awards/trophy-2.jpg]
[fleava.com/journal/agency-of-the-year-2020.html]
[fleava.com/assets/img/works/lustica/banner.jpg]
[fleava.com/assets/img/works/lustica/full1.jpg]
[fleava.com/works/lustica.html]
[fleava.com/assets/img/works/raia/full1.jpg]
[fleava.com/works/raia.html]
[fleava.com/assets/img/works/arc/full1.jpg]
[fleava.com/assets/img/works/arc/photo1.jpg]
[fleava.com/assets/img/works/arc/photo2.jpg]
[fleava.com/assets/img/works/arc/photo3.jpg]
[fleava.com/assets/img/works/arc/p1.jpg]
[fleava.com/assets/img/works/arc/p2.jpg]
[fleava.com/assets/img/works/arc/p3.jpg]
[fleava.com/assets/img/works/arc/p4.jpg]
[fleava.com/assets/img/works/arc/p5.jpg]
[fleava.com/assets/img/works/arc/p6.jpg]
[fleava.com/works/arc.html]
[fleava.com/assets/img/works/clorova/businesscard2.jpg]
[fleava.com/assets/img/works/clorova/logo.gif]
[fleava.com/assets/img/works/clorova/logo2.gif]
[fleava.com/assets/img/works/clorova/full1.jpg]
[fleava.com/assets/img/works/samsara/banner.jpg]
[fleava.com/works/clorova.html]
[fleava.com/assets/img/works/samsara/full1.jpg]
[fleava.com/works/samsara.html]
[fleava.com/assets/img/works/jannata/full1.jpg]
[fleava.com/assets/img/works/apprentice-search/banner.jpg]
[fleava.com/works/jannata.html]
[fleava.com/assets/img/works/apprentice-search/full1.jpg]
[fleava.com/assets/img/works/relationshift/banner.jpg]
[fleava.com/works/apprentice-search.html]
[fleava.com/assets/img/works/relationshift/full1.jpg]
[fleava.com/works/relationshift.html]
[fleava.com/assets/img/journal/indonesia-digital-future.jpg]
[fleava.com/journal/indonesia-digital-future.html]
[fleava.com/assets/img/journal/inline/tesla-ui.jpg]
[fleava.com/assets/img/journal/inline/twitter-nav.jpg]
[fleava.com/assets/img/journal/inline/wireframe.jpg]
[fleava.com/assets/img/journal/inline/figma.jpg]
[fleava.com/assets/img/journal/inline/spotify-wrapped.jpg]
[fleava.com/journal/ui-ux-practices.html]
[fleava.com/assets/img/journal/inline/simon-sinek.jpg]
[fleava.com/assets/img/journal/inline/persona.jpg]
[fleava.com/assets/img/journal/inline/buffer.jpg]
[fleava.com/assets/img/journal/inline/hubspot-flywheel.jpg]
[fleava.com/assets/img/journal/inline/netflix.jpg]
[fleava.com/journal/building-your-digital-strategy.html]
[fleava.com/assets/img/journal/inline/cocacola-billboard.jpg]
[fleava.com/assets/img/journal/inline/google-analytics.jpg]
[fleava.com/assets/img/journal/inline/ig-ads.jpg]
[fleava.com/assets/img/journal/inline/canva.jpg]
[fleava.com/journal/digital-marketing-guide.html]
[fleava.com/assets/img/journal/cssda.jpg]
[fleava.com/journal/designer-of-the-year-2020.html]
[fleava.com/assets/img/about/singapore.jpg]
[fleava.com/journal/singapore-digital-landscape.html]
[fleava.com/assets/img/journal/inline/apple.jpg]
[fleava.com/assets/img/journal/inline/nike.jpg]
[fleava.com/assets/img/journal/inline/spotify-billboard.jpg]
[fleava.com/assets/img/journal/inline/brand-guidelines.jpg]
[fleava.com/journal/your-guide-to-branding.html]
[fleava.com/assets/img/journal/inline/shopify.jpg]
[fleava.com/journal/all-about-building-a-website.html]
[fleava.com/assets/img/journal/developing-a-mobile-app.jpg]
[fleava.com/assets/img/journal/inline/google-maps.jpg]
[fleava.com/assets/img/journal/inline/netflix-car.jpg]
[fleava.com/journal/developing-a-mobile-app.html]
[fleava.com/assets/img/journal/ux-new-seo.jpg]
[fleava.com/journal/ux-new-seo.html]
[fleava.com/assets/img/journal/scrum-agile-project-management.jpg]
[fleava.com/journal/scrum-agile-project-management.html]
[fleava.com/assets/img/journal/branding-be-subconscious.jpg]
[fleava.com/assets/img/journal/inline/pyramid.jpg]
[fleava.com/journal/branding-be-subconscious.html]
[fleava.com/assets/img/journal/the-essence-of-branding.jpg]
[fleava.com/journal/the-essence-of-branding.html]
[fleava.com/assets/img/journal/exponential-impact-of-social-media.jpg]
[fleava.com/journal/exponential-impact-of-social-media.html]
[fleava.com/assets/img/journal/business-model-canvas.jpg]
[fleava.com/assets/img/journal/inline/bmc.jpg]
[fleava.com/journal/business-model-canvas.html]
[fleava.com/assets/img/journal/the-power-of-blogging.jpg]
[fleava.com/journal/the-power-of-blogging.html]
[fleava.com/assets/img/journal/online-marketing-strategies.jpg]
[fleava.com/journal/online-marketing-strategies.html]
[fleava.com/assets/img/journal/five-myths-of-marketing.jpg]
[fleava.com/journal/five-myths-of-marketing.html]
[fleava.com/assets/img/journal/print-vs-online-advertising.jpg]
[fleava.com/journal/print-vs-online-advertising.html]
[fleava.com/assets/img/journal/keep-people-on-your-website-longer.jpg]
[fleava.com/journal/keep-people-on-your-website-longer.html]
[fleava.com/assets/img/journal/why-people-leave-your-website.jpg]
[fleava.com/journal/why-people-leave-your-website.html]
[fleava.com/assets/img/journal/importance-of-mobile-app.jpg]
[fleava.com/journal/importance-of-mobile-app.html]
[fleava.com/assets/img/journal/why-good-web-design.jpg]
[fleava.com/journal/why-good-web-design.html]
[fleava.com/assets/img/journal/why-mobile-friendly-website.jpg]
[fleava.com/journal/why-mobile-friendly-website.html]
[fleava.com/inquiry/website.html]
[fleava.com/inquiry/ecommerce.html]
[fleava.com/inquiry/mobile-app.html]
[fleava.com/inquiry/branding.html]
[fleava.com/inquiry/feedback.html]
[embed.typeform.com/embed.js]
[embed.typeform.com/embed.js]
