[www.nexbank.com/index.html]
[backblue.gif]
[fade.gif]
[index.html]
[www.nexbank.com/admin/wp-content/uploads/2019/10/share_img.png]
[www.nexbank.com/apple-touch-icon.png]
[www.nexbank.com/favicon-32x32.png]
[www.nexbank.com/favicon-16x16.png]
[www.nexbank.com/safari-pinned-tab.svg]
[www.nexbank.com/assets/css/main.c3232c0585b7cf4f1b1b.css]
[www.nexbank.com/service/institutional-banking.html]
[www.nexbank.com/service/commercial-banking.html]
[www.nexbank.com/service/mortgage-banking.html]
[www.nexbank.com/about.html]
[www.nexbank.com/contact.html]
[www.nexbank.com/onlinebanking.html]
[www.nexbank.com/assets/img/ehl_logo.png]
[browser.sentry-cdn.com/5.6.1/bundle.min.js]
[www.nexbank.com/assets/js/vendors.9632e9d9d04342de239b.js]
[www.nexbank.com/assets/js/scripts.8ca740228f748e2a466f.js]
[www.nexbank.com/assets/js/vendors-legacy.67ff5449f8efc986963e.js]
[www.nexbank.com/index.html]
[www.nexbank.com/site.html]
[www.nexbank.com/safari-pinned-tab.svg]
[www.nexbank.com/assets/js/scripts-legacy.22bec8a1259a832392a4.js]
[www.nexbank.com/assets/fonts/suisseintl-regular.woff2]
[www.nexbank.com/assets/fonts/suisseintl-regular.woff]
[www.nexbank.com/assets/fonts/suisseintl-light.woff2]
[www.nexbank.com/assets/fonts/suisseintl-light.woff]
[www.nexbank.com/assets/fonts/suisseintl-medium.woff2]
[www.nexbank.com/assets/fonts/suisseintl-medium.woff]
[www.nexbank.com/assets/fonts/suisseintl-thin.woff2]
[www.nexbank.com/assets/fonts/suisseintl-thin.woff]
[www.nexbank.com/assets/css/main.c3232c0585b7cf4f1b1b.css]
[www.nexbank.com/admin/wp-content/uploads/2019/09/1920_institutional_banking.png]
[www.nexbank.com/admin/wp-content/uploads/2019/09/1920_institutional_banking-1280x2275.png]
[www.nexbank.com/admin/wp-content/uploads/2019/09/750_institutional_banking.png]
[www.nexbank.com/admin/wp-content/uploads/2019/10/NBK_Title-web2-e1603712987219.jpg]
[www.nexbank.com/page/security-center.html]
[www.nexbank.com/page/privacy-policy.html]
[www.nexbank.com/page/online-privacy-notice.html]
[www.nexbank.com/service/institutional-banking.html]
[www.nexbank.com/page/u-s-patriot-act.html]
[www.nexbank.com/admin/wp-content/uploads/2019/09/1920_commercial_banking.png]
[www.nexbank.com/admin/wp-content/uploads/2019/09/1920_commercial_banking-1280x2276.png]
[www.nexbank.com/admin/wp-content/uploads/2019/09/750_commercial_banking.png]
[www.nexbank.com/service/commercial-banking.html]
[www.nexbank.com/admin/wp-content/uploads/2019/09/1920_mortgage_banking.png]
[www.nexbank.com/admin/wp-content/uploads/2019/09/1920_mortgage_banking-1280x2275.png]
[www.nexbank.com/admin/wp-content/uploads/2019/09/750_mortgage_banking.png]
[www.nexbank.com/service/mortgage-banking.html]
[www.nexbank.com/admin/wp-content/uploads/2019/09/about-optim-1280x2009.png]
[www.nexbank.com/admin/wp-content/uploads/2019/09/about-optim-1600x2512.png]
[www.nexbank.com/admin/wp-content/uploads/2019/09/about-optim-1920x3014.png]
[www.nexbank.com/about/james-dondero.html]
[www.nexbank.com/admin/wp-content/uploads/2022/06/NexBank-Capital-Inc.-Increases-Preferred-Stock-Offering-to-260-Million.pdf]
[www.nexbank.com/admin/wp-content/uploads/2022/06/NexBank-Capital-Inc.-Completes-200-Million-Preferred-Stock-Placement_.pdf]
[www.nexbank.com/admin/wp-content/uploads/2022/06/TB-MarchApril-2022-Strategic-Roadmap.pdf]
[www.nexbank.com/admin/wp-content/uploads/2022/06/Home-_-The-Institutional-Risk-Analyst.pdf]
[www.nexbank.com/admin/wp-content/uploads/2021/09/NexBank-Supports-North-Texas-Giving-Day_.pdf]
[www.nexbank.com/admin/wp-content/uploads/2022/07/NexBank-Capital-Inc.-Completes-Private-Placement-of-62-Million-of-6.00-Fixed-to-Floating-Subordinated-]
[www.nexbank.com/admin/wp-content/uploads/2021/09/NexBank-Capital-Inc-Announces-Completion-of-40-Million-Rights-Offering.pdf]
[www.nexbank.com/admin/wp-content/uploads/2021/09/NexBank-Closes-100-Million-Private-Offering_.pdf]
[www.nexbank.com/admin/wp-content/uploads/2021/05/Adrienne-Manzanares-Joins-NexBank.pdf]
[www.nexbank.com/admin/wp-content/uploads/2021/08/NexBank-Capital-Inc.-Completes-Private-Placement-of-150-Million-of-4.00-Fixed-to-Floating-Subordinated]
[www.nexbank.com/admin/wp-content/uploads/2021/03/NexBank-Ranked-Top-Performing-Bank-by-SP-Global.pdf]
[www.nexbank.com/admin/wp-content/uploads/2020/11/NexBank-Receives-Investment-Grade-Ratings_.pdf]
[www.nexbank.com/admin/wp-content/uploads/2020/11/NexBank-Announces-Bank-Charter-Conversion_07022020_.pdf]
[www.nexbank.com/admin/wp-content/uploads/2020/11/NexBank-Ranked-Top-Performing-Bank-by-SP-Global_03-27-2020__.pdf]
[www.nexbank.com/admin/wp-content/uploads/2021/05/NexBankAppointsJonHodge_.pdf]
[www.nexbank.com/admin/wp-content/uploads/2020/11/NexBank-Tops-SP-Global-Market-Intelligence_2018-Ranking_.pdf]
[www.nexbank.com/admin/wp-content/uploads/2020/11/NexBank-Financial-Innovation-Award_2018_.pdf]
[www.nexbank.com/admin/wp-content/uploads/2020/11/NexBank-Ranked-Top-Performing-Bank-in-the-US-by-Independent-Banker-Magazine.pdf]
[www.nexbank.com/about.html]
[www.nexbank.com/admin/wp-content/uploads/2020/11/CEO-President-of-NexBank-Speaks-at-Texas-Bankers-Association’s-Strategic-Opportunities-Conf_.3e.delaye]
[www.nexbank.com/admin/wp-content/uploads/2019/10/nexbank_map-optim-1280x800.png]
[www.nexbank.com/contact.html]
[www.nexbank.com/admin/wp-content/uploads/2020/11/IMG-1@1x.jpg]
[www.nexbank.com/admin/wp-content/uploads/2020/11/IMG-2@1x.jpg]
[www.nexbank.com/onlinebanking.html]
[www.nexbank.com/page/security-center.html]
[www.nexbank.com/admin/wp-content/uploads/2021/04/NexBank_Privacy_Notice_.pdf]
[www.nexbank.com/page/privacy-policy.html]
[www.nexbank.com/page/online-privacy-notice.html]
[www.nexbank.com/admin/wp-content/uploads/2019/10/USPatriotAct.pdf]
[www.nexbank.com/page/u-s-patriot-act.html]
[www.nexbank.com/admin/wp-content/uploads/2019/09/Dondero-1280x1384.jpg]
[www.nexbank.com/about/james-dondero.html]
